Release 14.7 - xst P.20131013 (nt64)
Copyright (c) 1995-2013 Xilinx, Inc.  All rights reserved.
--> Parameter TMPDIR set to xst/projnav.tmp


Total REAL time to Xst completion: 0.00 secs
Total CPU time to Xst completion: 0.08 secs
 
--> Parameter xsthdpdir set to xst


Total REAL time to Xst completion: 0.00 secs
Total CPU time to Xst completion: 0.08 secs
 
--> Reading design: bpsk.prj

TABLE OF CONTENTS
  1) Synthesis Options Summary
  2) HDL Compilation
  3) Design Hierarchy Analysis
  4) HDL Analysis
  5) HDL Synthesis
     5.1) HDL Synthesis Report
  6) Advanced HDL Synthesis
     6.1) Advanced HDL Synthesis Report
  7) Low Level Synthesis
  8) Partition Report
  9) Final Report
	9.1) Device utilization summary
	9.2) Partition Resource Summary
	9.3) TIMING REPORT


=========================================================================
*                      Synthesis Options Summary                        *
=========================================================================
---- Source Parameters
Input File Name                    : "bpsk.prj"
Input Format                       : mixed
Ignore Synthesis Constraint File   : NO

---- Target Parameters
Output File Name                   : "bpsk"
Output Format                      : NGC
Target Device                      : xc3s700an-4-fgg484

---- Source Options
Top Module Name                    : bpsk
Automatic FSM Extraction           : YES
FSM Encoding Algorithm             : Auto
Safe Implementation                : No
FSM Style                          : LUT
RAM Extraction                     : Yes
RAM Style                          : Auto
ROM Extraction                     : Yes
Mux Style                          : Auto
Decoder Extraction                 : YES
Priority Encoder Extraction        : Yes
Shift Register Extraction          : YES
Logical Shifter Extraction         : YES
XOR Collapsing                     : YES
ROM Style                          : Auto
Mux Extraction                     : Yes
Resource Sharing                   : YES
Asynchronous To Synchronous        : NO
Multiplier Style                   : Auto
Automatic Register Balancing       : No

---- Target Options
Add IO Buffers                     : YES
Global Maximum Fanout              : 100000
Add Generic Clock Buffer(BUFG)     : 24
Register Duplication               : YES
Slice Packing                      : YES
Optimize Instantiated Primitives   : NO
Use Clock Enable                   : Yes
Use Synchronous Set                : Yes
Use Synchronous Reset              : Yes
Pack IO Registers into IOBs        : Auto
Equivalent register Removal        : YES

---- General Options
Optimization Goal                  : Speed
Optimization Effort                : 1
Keep Hierarchy                     : No
Netlist Hierarchy                  : As_Optimized
RTL Output                         : Yes
Global Optimization                : AllClockNets
Read Cores                         : YES
Write Timing Constraints           : NO
Cross Clock Analysis               : NO
Hierarchy Separator                : /
Bus Delimiter                      : <>
Case Specifier                     : Maintain
Slice Utilization Ratio            : 100
BRAM Utilization Ratio             : 100
Verilog 2001                       : YES
Auto BRAM Packing                  : NO
Slice Utilization Ratio Delta      : 5

=========================================================================


=========================================================================
*                          HDL Compilation                              *
=========================================================================
Compiling vhdl file "F:/test/constants.vhd" in Library work.
Architecture constants of Entity constants is up to date.
Compiling vhdl file "F:/test/real2bit.vhd" in Library work.
Architecture real2bit of Entity real2bit is up to date.
Compiling vhdl file "F:/test/bpsk.vhd" in Library work.
Entity <bpsk> compiled.
Entity <bpsk> (Architecture <Behavioral>) compiled.

=========================================================================
*                     Design Hierarchy Analysis                         *
=========================================================================
Analyzing hierarchy for entity <bpsk> in library <work> (architecture <Behavioral>).


=========================================================================
*                            HDL Analysis                               *
=========================================================================
Analyzing Entity <bpsk> in library <work> (Architecture <Behavioral>).
Entity <bpsk> analyzed. Unit <bpsk> generated.


=========================================================================
*                           HDL Synthesis                               *
=========================================================================

Performing bidirectional port resolution...

Synthesizing Unit <bpsk>.
    Related source file is "F:/test/bpsk.vhd".
    Found 32x12-bit ROM for signal <value$rom0000> created at line 15.
    Found 32x12-bit ROM for signal <value$rom0001> created at line 15.
    Found 1-bit register for signal <clk_data>.
    Found 1-bit register for signal <clk_bpsk_s>.
    Found 11-bit up counter for signal <count>.
    Found 5-bit up counter for signal <pointer>.
    Found 12-bit adder for signal <value$addsub0000> created at line 70.
    Summary:
	inferred   2 ROM(s).
	inferred   2 Counter(s).
	inferred   2 D-type flip-flop(s).
	inferred   1 Adder/Subtractor(s).
Unit <bpsk> synthesized.


=========================================================================
HDL Synthesis Report

Macro Statistics
# ROMs                                                 : 2
 32x12-bit ROM                                         : 2
# Adders/Subtractors                                   : 1
 12-bit adder                                          : 1
# Counters                                             : 2
 11-bit up counter                                     : 1
 5-bit up counter                                      : 1
# Registers                                            : 2
 1-bit register                                        : 2

=========================================================================

=========================================================================
*                       Advanced HDL Synthesis                          *
=========================================================================


=========================================================================
Advanced HDL Synthesis Report

Macro Statistics
# ROMs                                                 : 2
 32x12-bit ROM                                         : 2
# Adders/Subtractors                                   : 1
 12-bit adder                                          : 1
# Counters                                             : 2
 11-bit up counter                                     : 1
 5-bit up counter                                      : 1
# Registers                                            : 2
 Flip-Flops                                            : 2

=========================================================================

=========================================================================
*                         Low Level Synthesis                           *
=========================================================================
INFO:Xst:2146 - In block <bpsk>, ROM <Mrom_value_rom0000> <Mrom_value_rom0001> are equivalent, XST will keep only <Mrom_value_rom0000>.

Optimizing unit <bpsk> ...

Mapping all equations...
Building and optimizing final netlist ...
Found area constraint ratio of 100 (+ 5) on block bpsk, actual ratio is 0.

Final Macro Processing ...

=========================================================================
Final Register Report

Macro Statistics
# Registers                                            : 18
 Flip-Flops                                            : 18

=========================================================================

=========================================================================
*                           Partition Report                            *
=========================================================================

Partition Implementation Status
-------------------------------

  No Partitions were found in this design.

-------------------------------

=========================================================================
*                            Final Report                               *
=========================================================================
Final Results
RTL Top Level Output File Name     : bpsk.ngr
Top Level Output File Name         : bpsk
Output Format                      : NGC
Optimization Goal                  : Speed
Keep Hierarchy                     : No

Design Statistics
# IOs                              : 18

Cell Usage :
# BELS                             : 127
#      GND                         : 1
#      INV                         : 12
#      LUT1                        : 10
#      LUT2                        : 3
#      LUT2_L                      : 1
#      LUT3                        : 13
#      LUT3_L                      : 1
#      LUT4                        : 28
#      LUT4_D                      : 1
#      MUXCY                       : 21
#      MUXF5                       : 12
#      VCC                         : 1
#      XORCY                       : 23
# FlipFlops/Latches                : 18
#      FDC                         : 12
#      FDCE                        : 1
#      FDP                         : 5
# Clock Buffers                    : 1
#      BUFG                        : 1
# IO Buffers                       : 18
#      IBUF                        : 3
#      OBUF                        : 15
=========================================================================

Device utilization summary:
---------------------------

Selected Device : 3s700anfgg484-4 

 Number of Slices:                       37  out of   5888     0%  
 Number of Slice Flip Flops:             18  out of  11776     0%  
 Number of 4 input LUTs:                 69  out of  11776     0%  
 Number of IOs:                          18
 Number of bonded IOBs:                  18  out of    372     4%  
 Number of GCLKs:                         1  out of     24     4%  

---------------------------
Partition Resource Summary:
---------------------------

  No Partitions were found in this design.

---------------------------


=========================================================================
TIMING REPORT

NOTE: THESE TIMING NUMBERS ARE ONLY A SYNTHESIS ESTIMATE.
      FOR ACCURATE TIMING INFORMATION PLEASE REFER TO THE TRACE REPORT
      GENERATED AFTER PLACE-and-ROUTE.

Clock Information:
------------------
-----------------------------------+------------------------+-------+
Clock Signal                       | Clock buffer(FF name)  | Load  |
-----------------------------------+------------------------+-------+
clk                                | IBUF+BUFG              | 13    |
clk_bpsk_s                         | NONE(pointer_0)        | 5     |
-----------------------------------+------------------------+-------+
INFO:Xst:2169 - HDL ADVISOR - Some clock signals were not automatically buffered by XST with BUFG/BUFR resources. Please use the buffer_type constraint in order to insert these buffers to the clock signals to help prevent skew problems.

Asynchronous Control Signals Information:
----------------------------------------
-----------------------------------+------------------------+-------+
Control Signal                     | Buffer(FF name)        | Load  |
-----------------------------------+------------------------+-------+
reset                              | IBUF                   | 18    |
-----------------------------------+------------------------+-------+

Timing Summary:
---------------
Speed Grade: -4

   Minimum period: 4.383ns (Maximum Frequency: 228.154MHz)
   Minimum input arrival time before clock: No path found
   Maximum output required time after clock: 12.085ns
   Maximum combinational path delay: 7.541ns

Timing Detail:
--------------
All values displayed in nanoseconds (ns)

=========================================================================
Timing constraint: Default period analysis for Clock 'clk'
  Clock period: 4.383ns (frequency: 228.154MHz)
  Total number of paths / destination ports: 94 / 14
-------------------------------------------------------------------------
Delay:               4.383ns (Levels of Logic = 3)
  Source:            count_7 (FF)
  Destination:       clk_data (FF)
  Source Clock:      clk rising
  Destination Clock: clk rising

  Data Path: count_7 to clk_data
                                Gate     Net
    Cell:in->out      fanout   Delay   Delay  Logical Name (Net Name)
    ----------------------------------------  ------------
     FDC:C->Q              2   0.591   0.590  count_7 (count_7)
     LUT2:I0->O            1   0.648   0.423  clk_data_not00011_SW0 (N46)
     LUT4_D:I3->LO         1   0.648   0.103  clk_data_not00011 (N120)
     LUT4:I3->O            1   0.648   0.420  clk_data_not0001 (clk_data_not0001)
     FDCE:CE                   0.312          clk_data
    ----------------------------------------
    Total                      4.383ns (2.847ns logic, 1.536ns route)
                                       (65.0% logic, 35.0% route)

=========================================================================
Timing constraint: Default period analysis for Clock 'clk_bpsk_s'
  Clock period: 3.645ns (frequency: 274.325MHz)
  Total number of paths / destination ports: 15 / 5
-------------------------------------------------------------------------
Delay:               3.645ns (Levels of Logic = 2)
  Source:            pointer_2 (FF)
  Destination:       pointer_4 (FF)
  Source Clock:      clk_bpsk_s rising
  Destination Clock: clk_bpsk_s rising

  Data Path: pointer_2 to pointer_4
                                Gate     Net
    Cell:in->out      fanout   Delay   Delay  Logical Name (Net Name)
    ----------------------------------------  ------------
     FDP:C->Q             26   0.591   1.403  pointer_2 (pointer_2)
     LUT2_L:I0->LO         1   0.648   0.103  Mcount_pointer_xor<4>1_SW0 (N42)
     LUT4:I3->O            1   0.648   0.000  Mcount_pointer_xor<4>1 (Result<4>1)
     FDP:D                     0.252          pointer_4
    ----------------------------------------
    Total                      3.645ns (2.139ns logic, 1.506ns route)
                                       (58.7% logic, 41.3% route)

=========================================================================
Timing constraint: Default OFFSET OUT AFTER for Clock 'clk'
  Total number of paths / destination ports: 2 / 2
-------------------------------------------------------------------------
Offset:              5.780ns (Levels of Logic = 1)
  Source:            clk_bpsk_s (FF)
  Destination:       clk_bpsk (PAD)
  Source Clock:      clk rising

  Data Path: clk_bpsk_s to clk_bpsk
                                Gate     Net
    Cell:in->out      fanout   Delay   Delay  Logical Name (Net Name)
    ----------------------------------------  ------------
     FDC:C->Q              6   0.591   0.669  clk_bpsk_s (clk_bpsk_s)
     OBUF:I->O                 4.520          clk_bpsk_OBUF (clk_bpsk)
    ----------------------------------------
    Total                      5.780ns (5.111ns logic, 0.669ns route)
                                       (88.4% logic, 11.6% route)

=========================================================================
Timing constraint: Default OFFSET OUT AFTER for Clock 'clk_bpsk_s'
  Total number of paths / destination ports: 724 / 12
-------------------------------------------------------------------------
Offset:              12.085ns (Levels of Logic = 16)
  Source:            pointer_2 (FF)
  Destination:       data<11> (PAD)
  Source Clock:      clk_bpsk_s rising

  Data Path: pointer_2 to data<11>
                                Gate     Net
    Cell:in->out      fanout   Delay   Delay  Logical Name (Net Name)
    ----------------------------------------  ------------
     FDP:C->Q             26   0.591   1.403  pointer_2 (pointer_2)
     LUT4:I0->O            1   0.648   0.000  value<1>1_F (N104)
     MUXF5:I0->O           2   0.276   0.447  value<1>1 (N3)
     INV:I->O              1   0.648   0.000  Madd_value_not0000<1>1_INV_0 (Madd_value_not0000<1>)
     MUXCY:S->O            1   0.632   0.000  Madd_value_addsub0000_cy<1> (Madd_value_addsub0000_cy<1>)
     MUXCY:CI->O           1   0.065   0.000  Madd_value_addsub0000_cy<2> (Madd_value_addsub0000_cy<2>)
     MUXCY:CI->O           1   0.065   0.000  Madd_value_addsub0000_cy<3> (Madd_value_addsub0000_cy<3>)
     MUXCY:CI->O           1   0.065   0.000  Madd_value_addsub0000_cy<4> (Madd_value_addsub0000_cy<4>)
     MUXCY:CI->O           1   0.065   0.000  Madd_value_addsub0000_cy<5> (Madd_value_addsub0000_cy<5>)
     MUXCY:CI->O           1   0.065   0.000  Madd_value_addsub0000_cy<6> (Madd_value_addsub0000_cy<6>)
     MUXCY:CI->O           1   0.065   0.000  Madd_value_addsub0000_cy<7> (Madd_value_addsub0000_cy<7>)
     MUXCY:CI->O           1   0.065   0.000  Madd_value_addsub0000_cy<8> (Madd_value_addsub0000_cy<8>)
     MUXCY:CI->O           1   0.065   0.000  Madd_value_addsub0000_cy<9> (Madd_value_addsub0000_cy<9>)
     MUXCY:CI->O           0   0.065   0.000  Madd_value_addsub0000_cy<10> (Madd_value_addsub0000_cy<10>)
     XORCY:CI->O           1   0.844   0.423  Madd_value_addsub0000_xor<11> (value_addsub0000<11>)
     LUT4:I3->O            1   0.648   0.420  value<11> (data_11_OBUF)
     OBUF:I->O                 4.520          data_11_OBUF (data<11>)
    ----------------------------------------
    Total                     12.085ns (9.392ns logic, 2.693ns route)
                                       (77.7% logic, 22.3% route)

=========================================================================
Timing constraint: Default path analysis
  Total number of paths / destination ports: 13 / 13
-------------------------------------------------------------------------
Delay:               7.541ns (Levels of Logic = 3)
  Source:            serial_data (PAD)
  Destination:       data<10> (PAD)

  Data Path: serial_data to data<10>
                                Gate     Net
    Cell:in->out      fanout   Delay   Delay  Logical Name (Net Name)
    ----------------------------------------  ------------
     IBUF:I->O            12   0.849   1.104  serial_data_IBUF (serial_data_IBUF)
     LUT3:I0->O            1   0.648   0.420  value<1>2 (data_1_OBUF)
     OBUF:I->O                 4.520          data_1_OBUF (data<1>)
    ----------------------------------------
    Total                      7.541ns (6.017ns logic, 1.524ns route)
                                       (79.8% logic, 20.2% route)

=========================================================================


Total REAL time to Xst completion: 4.00 secs
Total CPU time to Xst completion: 3.75 secs
 
--> 

Total memory usage is 4515268 kilobytes

Number of errors   :    0 (   0 filtered)
Number of warnings :    0 (   0 filtered)
Number of infos    :    2 (   0 filtered)

